WARNING: [Loader Message] Code 0 : windows_read_data_files_in_registry: Registry lookup failed to get layer manifest files.
==========
VULKANINFO
==========

Vulkan Instance Version: 1.4.341


Instance Extensions: count = 20
-------------------------------
VK_EXT_debug_report                    : extension revision 10
VK_EXT_debug_utils                     : extension revision 2
VK_EXT_direct_mode_display             : extension revision 1
VK_EXT_surface_maintenance1            : extension revision 1
VK_EXT_swapchain_colorspace            : extension revision 5
VK_KHR_device_group_creation           : extension revision 1
VK_KHR_display                         : extension revision 23
VK_KHR_external_fence_capabilities     : extension revision 1
VK_KHR_external_memory_capabilities    : extension revision 1
VK_KHR_external_semaphore_capabilities : extension revision 1
VK_KHR_get_display_properties2         : extension revision 1
VK_KHR_get_physical_device_properties2 : extension revision 2
VK_KHR_get_surface_capabilities2       : extension revision 1
VK_KHR_portability_enumeration         : extension revision 1
VK_KHR_surface                         : extension revision 25
VK_KHR_surface_maintenance1            : extension revision 1
VK_KHR_surface_protected_capabilities  : extension revision 1
VK_KHR_win32_surface                   : extension revision 6
VK_LUNARG_direct_driver_loading        : extension revision 1
VK_NV_external_memory_capabilities     : extension revision 1

Instance Layers: count = 3
--------------------------
VK_LAYER_AMD_switchable_graphics AMD switchable graphics layer 1.4.320  version 1
VK_LAYER_NV_optimus              NVIDIA Optimus layer          1.4.341  version 1
VK_LAYER_NV_present              NVIDIA Presentation Layer     1.4.341  version 1

Devices:
========
GPU0:
	apiVersion         = 1.4.341
	driverVersion      = 610.71.0.0
	vendorID           = 0x10de
	deviceID           = 0x2c18
	deviceType         = PHYSICAL_DEVICE_TYPE_DISCRETE_GPU
	deviceName         = NVIDIA GeForce RTX 5090 Laptop GPU
	driverID           = DRIVER_ID_NVIDIA_PROPRIETARY
	driverName         = NVIDIA
	driverInfo         = 610.71
	conformanceVersion = 1.4.3.3
	deviceUUID         = bf6e910e-657c-15d7-c558-f169df134d8a
	driverUUID         = 32da8b74-b45b-55e0-9ba2-ab437d951f07
GPU1:
	apiVersion         = 1.4.320
	driverVersion      = 2.0.359
	vendorID           = 0x1002
	deviceID           = 0x150e
	deviceType         = PHYSICAL_DEVICE_TYPE_INTEGRATED_GPU
	deviceName         = AMD Radeon(TM) 890M Graphics
	driverID           = DRIVER_ID_AMD_PROPRIETARY
	driverName         = AMD proprietary driver
	driverInfo         = 25.20.18.06 (LLPC)
	conformanceVersion = 1.4.0.0
	deviceUUID         = 00000000-6500-0000-0000-000000000000
	driverUUID         = 414d442d-5749-4e2d-4452-560000000000
