INFO 09-23 16:15:09 [patch.py:259] NVFP4 W4A4 weight_scale NaN-clamp: installed.
INFO 09-23 16:15:10 [patch.py:510] inductor factorable-divisibility patch: installed.
INFO 09-23 16:15:14 [pipeline_internvla_a1.py:164] Loading InternVLA-A1 weights from \\wsl.localhost\Ubuntu\home\zhout\project\edge_infer\models\InternVLA-A1-3B-FT-Place_Markpen
{
  "scope": "real checkpoint, synthetic zero observations and noise; no task-quality claim",
  "model_dir": "\\\\wsl.localhost\\Ubuntu\\home\\zhout\\project\\edge_infer\\models\\InternVLA-A1-3B-FT-Place_Markpen",
  "runtime_mode": "real_checkpoint_loaded",
  "device": "cuda",
  "policy_devices": [
    "cuda"
  ],
  "actions_device": "cuda:0",
  "dtype": "torch.float32",
  "action_shape": [
    1,
    50,
    32
  ],
  "finite": true,
  "action_sha256_float32": "873432b6e4cef2b8822f7f5a720fef069c7ba9c6a3f45a831b2cf04239196337",
  "first_action_prefix": [
    0.021501213312149048,
    -0.033786751329898834,
    0.004070071969181299,
    0.03125888481736183,
    -0.004352160729467869,
    -0.016927657648921013,
    0.017821842804551125,
    -0.09145286679267883
  ],
  "startup_s": 75.53822049999144,
  "forward_s": 1.1152496999129653,
  "cuda_peak_allocated_bytes": 6683068416
}
