

Loading model... 

▄▄ ▄▄
██ ██
██ ██  ▀▀█▄ ███▄███▄  ▀▀█▄    ▄████ ████▄ ████▄
██ ██ ▄█▀██ ██ ██ ██ ▄█▀██    ██    ██ ██ ██ ██
██ ██ ▀█▄██ ██ ██ ██ ▀█▄██ ██ ▀████ ████▀ ████▀
                                    ██    ██
                                    ▀▀    ▀▀

build      : b11124-1a679828f
model      : C:\Users\zhout\w2\models\Spark-X2.5-1.7B-Q4_K_M.gguf
ftype      : Q4_K - Medium
modalities : text

available commands:
  /exit or Ctrl+C     stop or exit
  /regen              regenerate the last response
  /clear              clear the chat history
  /read <file>        add a text file
  /glob <pattern>     add text files using globbing pattern



> Here is an inventory listing. Item 1: the code for warehouse district 1 is 1007. Item 2: the code for warehouse district 2 is 1014. Item 3: the code for warehouse district 3 is 1021. Item 4: the code for warehouse district 4 is 1028. Item 5: the code for warehouse district 5 is 1035. Item 6: the code for warehouse district 6 is 1042. Item 7: the code for warehouse district 7 is 1049. Item 8: the code for warehouse district 8 is 1056. Item 9: the code for warehouse district 9 is 1063. Item 10: th ... (truncated)

[Start thinking]

We are given an inventory listing with item 1 to item 120, each with a code for warehouse district. The question asks: "What is the code for warehouse district 73?" We need to find the code corresponding to item 73.

Looking at the listing:
Item 1: code 1007 (district 1)
Item 2: 1014 (district 2)
...
We need to find the code for district 73. The listing goes from item 1 to item 120. Item 73 is the 73rd item.

Let's count the items to find the code for item 73.

The listing is given as:
Item 1: 1007
Item 2: 1014
Item 3: 1021
Item 4: 1028
Item 5: 1035
Item 6: 1042
Item 7: 1049
Item 8: 1056
Item 9: 1063
Item 10:

[ Prompt: 925.3 t/s | Generation: 54.2 t/s ]


Exiting...
