

Loading model... 

▄▄ ▄▄
██ ██
██ ██  ▀▀█▄ ███▄███▄  ▀▀█▄    ▄████ ████▄ ████▄
██ ██ ▄█▀██ ██ ██ ██ ▄█▀██    ██    ██ ██ ██ ██
██ ██ ▀█▄██ ██ ██ ██ ▀█▄██ ██ ▀████ ████▀ ████▀
                                    ██    ██
                                    ▀▀    ▀▀

build      : b11124-1a679828f
model      : C:\Users\zhout\w2\models\Spark-X2.5-1.7B-Q4_K_M.gguf
ftype      : Q4_K - Medium
modalities : text

available commands:
  /exit or Ctrl+C     stop or exit
  /regen              regenerate the last response
  /clear              clear the chat history
  /read <file>        add a text file
  /glob <pattern>     add text files using globbing pattern



> Here is an inventory listing. Item 1: the code for warehouse district 1 is 1007. Item 2: the code for warehouse district 2 is 1014. Item 3: the code for warehouse district 3 is 1021. Item 4: the code for warehouse district 4 is 1028. Item 5: the code for warehouse district 5 is 1035. Item 6: the code for warehouse district 6 is 1042. Item 7: the code for warehouse district 7 is 1049. Item 8: the code for warehouse district 8 is 1056. Item 9: the code for warehouse district 9 is 1063. Item 10: th ... (truncated)
1511

[ Prompt: 1193.4 t/s | Generation: 52.1 t/s ]


Exiting...
